15:00:43 **** Auto Build of configuration Debug for project eos_opdracht ****
make pre-build main-build 
a9-linaro-pre-build-step
' '
'Building file: ../src/freertos_hello_world.c'
'Invoking: ARM v7 gcc compiler'
arm-none-eabi-gcc -Wall -O0 -g3 -c -fmessage-length=0 -MT"src/freertos_hello_world.o" -mcpu=cortex-a9 -mfpu=vfpv3 -mfloat-abi=hard -I../../eos_opdracht_bsp/ps7_cortexa9_0/include -MMD -MP -MF"src/freertos_hello_world.d" -MT"src/freertos_hello_world.o" -o "src/freertos_hello_world.o" "../src/freertos_hello_world.c"
'Finished building: ../src/freertos_hello_world.c'
' '
'Building target: eos_opdracht.elf'
'Invoking: ARM v7 gcc linker'
arm-none-eabi-gcc -mcpu=cortex-a9 -mfpu=vfpv3 -mfloat-abi=hard -Wl,-build-id=none -specs=Xilinx.spec -Wl,-T -Wl,../src/lscript.ld -L../../eos_opdracht_bsp/ps7_cortexa9_0/lib -o "eos_opdracht.elf"  ./src/freertos_hello_world.o   -Wl,--start-group,-lxil,-lfreertos,-lgcc,-lc,--end-group
'Finished building target: eos_opdracht.elf'
' '
'Invoking: ARM v7 Print Size'
arm-none-eabi-size eos_opdracht.elf  |tee "eos_opdracht.elf.size"
   text	   data	    bss	    dec	    hex	filename
  77708	   3388	  89424	 170520	  29a18	eos_opdracht.elf
'Finished building: eos_opdracht.elf.size'
' '

15:00:44 Build Finished (took 1s.242ms)

