#-----------------------------------------------------------
# Vivado v2019.1 (64-bit)
# SW Build 2552052 on Fri May 24 14:49:42 MDT 2019
# IP Build 2548770 on Fri May 24 18:01:18 MDT 2019
# Start of session at: Tue Dec 17 14:52:13 2019
# Process ID: 21060
# Current directory: C:/Users/Bart/Documents/GitHub/Embedded_Operating_Systems/Embedded_Operating_Systems/MiniZED_VIO_HC_SR04
# Command line: vivado.exe -gui_launcher_event rodinguilauncherevent9424 C:\Users\Bart\Documents\GitHub\Embedded_Operating_Systems\Embedded_Operating_Systems\MiniZED_VIO_HC_SR04\MiniZED_AXI_HC_SR04.xpr
# Log file: C:/Users/Bart/Documents/GitHub/Embedded_Operating_Systems/Embedded_Operating_Systems/MiniZED_VIO_HC_SR04/vivado.log
# Journal file: C:/Users/Bart/Documents/GitHub/Embedded_Operating_Systems/Embedded_Operating_Systems/MiniZED_VIO_HC_SR04\vivado.jou
#-----------------------------------------------------------
start_gui
open_project C:/Users/Bart/Documents/GitHub/Embedded_Operating_Systems/Embedded_Operating_Systems/MiniZED_VIO_HC_SR04/MiniZED_AXI_HC_SR04.xpr
file mkdir C:/Users/Bart/Documents/GitHub/Embedded_Operating_Systems/Embedded_Operating_Systems/MiniZED_VIO_HC_SR04/MiniZED_AXI_HC_SR04.sdk
file copy -force C:/Users/Bart/Documents/GitHub/Embedded_Operating_Systems/Embedded_Operating_Systems/MiniZED_VIO_HC_SR04/MiniZED_AXI_HC_SR04.runs/impl_1/matrix_wrapper.sysdef C:/Users/Bart/Documents/GitHub/Embedded_Operating_Systems/Embedded_Operating_Systems/MiniZED_VIO_HC_SR04/MiniZED_AXI_HC_SR04.sdk/matrix_wrapper.hdf

launch_sdk -workspace C:/Users/Bart/Documents/GitHub/Embedded_Operating_Systems/Embedded_Operating_Systems/MiniZED_VIO_HC_SR04/MiniZED_AXI_HC_SR04.sdk -hwspec C:/Users/Bart/Documents/GitHub/Embedded_Operating_Systems/Embedded_Operating_Systems/MiniZED_VIO_HC_SR04/MiniZED_AXI_HC_SR04.sdk/matrix_wrapper.hdf
update_compile_order -fileset sources_1
