#-----------------------------------------------------------
# Vivado v2019.1 (64-bit)
# SW Build 2552052 on Fri May 24 14:49:42 MDT 2019
# IP Build 2548770 on Fri May 24 18:01:18 MDT 2019
# Start of session at: Tue Dec 17 13:47:53 2019
# Process ID: 1156
# Current directory: C:/Users/Bart/Documents/GitHub/Embedded_Operating_Systems/Embedded_Operating_Systems/MiniZED_VIO_HC_SR04
# Command line: vivado.exe -gui_launcher_event rodinguilauncherevent12800 C:\Users\Bart\Documents\GitHub\Embedded_Operating_Systems\Embedded_Operating_Systems\MiniZED_VIO_HC_SR04\MiniZED_AXI_HC_SR04.xpr
# Log file: C:/Users/Bart/Documents/GitHub/Embedded_Operating_Systems/Embedded_Operating_Systems/MiniZED_VIO_HC_SR04/vivado.log
# Journal file: C:/Users/Bart/Documents/GitHub/Embedded_Operating_Systems/Embedded_Operating_Systems/MiniZED_VIO_HC_SR04\vivado.jou
#-----------------------------------------------------------
start_gui
open_project C:/Users/Bart/Documents/GitHub/Embedded_Operating_Systems/Embedded_Operating_Systems/MiniZED_VIO_HC_SR04/MiniZED_AXI_HC_SR04.xpr
update_compile_order -fileset sources_1
open_bd_design {C:/Users/Bart/Documents/GitHub/Embedded_Operating_Systems/Embedded_Operating_Systems/MiniZED_VIO_HC_SR04/MiniZED_AXI_HC_SR04.srcs/sources_1/bd/design_1/design_1.bd}
open_bd_design {C:/Users/Bart/Documents/GitHub/Embedded_Operating_Systems/Embedded_Operating_Systems/MiniZED_VIO_HC_SR04/MiniZED_AXI_HC_SR04.srcs/sources_1/bd/matrix/matrix.bd}
export_ip_user_files -of_objects  [get_files C:/Users/Bart/Documents/GitHub/Embedded_Operating_Systems/Embedded_Operating_Systems/MiniZED_VIO_HC_SR04/MiniZED_AXI_HC_SR04.srcs/sources_1/bd/design_1/hdl/design_1_wrapper.vhd] -no_script -reset -force -quiet
remove_files  C:/Users/Bart/Documents/GitHub/Embedded_Operating_Systems/Embedded_Operating_Systems/MiniZED_VIO_HC_SR04/MiniZED_AXI_HC_SR04.srcs/sources_1/bd/design_1/hdl/design_1_wrapper.vhd
file delete -force C:/Users/Bart/Documents/GitHub/Embedded_Operating_Systems/Embedded_Operating_Systems/MiniZED_VIO_HC_SR04/MiniZED_AXI_HC_SR04.srcs/sources_1/bd/design_1/hdl/design_1_wrapper.vhd
update_compile_order -fileset sources_1
startgroup
set_property -dict [list CONFIG.C_GPIO_WIDTH {16}] [get_bd_cells axi_gpio_0]
endgroup
update_compile_order -fileset sources_1
regenerate_bd_layout -routing
regenerate_bd_layout
regenerate_bd_layout -routing
startgroup
set_property -dict [list CONFIG.C_GPIO2_WIDTH {2} CONFIG.C_IS_DUAL {1} CONFIG.C_ALL_INPUTS_2 {1}] [get_bd_cells axi_gpio_0]
endgroup
regenerate_bd_layout -routing
regenerate_bd_layout
startgroup
make_bd_pins_external  [get_bd_pins axi_gpio_0/gpio2_io_i]
endgroup
regenerate_bd_layout
regenerate_bd_layout -routing
regenerate_bd_layout -routing
save_bd_design
open_bd_design {C:/Users/Bart/Documents/GitHub/Embedded_Operating_Systems/Embedded_Operating_Systems/MiniZED_VIO_HC_SR04/MiniZED_AXI_HC_SR04.srcs/sources_1/bd/design_1/design_1.bd}
export_ip_user_files -of_objects  [get_files C:/Users/Bart/Documents/GitHub/Embedded_Operating_Systems/Embedded_Operating_Systems/MiniZED_VIO_HC_SR04/MiniZED_AXI_HC_SR04.srcs/sources_1/bd/design_1/design_1.bd] -no_script -reset -force -quiet
remove_files  C:/Users/Bart/Documents/GitHub/Embedded_Operating_Systems/Embedded_Operating_Systems/MiniZED_VIO_HC_SR04/MiniZED_AXI_HC_SR04.srcs/sources_1/bd/design_1/design_1.bd
file delete -force C:/Users/Bart/Documents/GitHub/Embedded_Operating_Systems/Embedded_Operating_Systems/MiniZED_VIO_HC_SR04/MiniZED_AXI_HC_SR04.srcs/sources_1/bd/design_1
ipx::edit_ip_in_project -upgrade true -name ws2812_ip_v1_0_project -directory C:/Users/Bart/Documents/GitHub/Embedded_Operating_Systems/Embedded_Operating_Systems/MiniZED_VIO_HC_SR04/MiniZED_AXI_HC_SR04.tmp/ws2812_ip_v1_0_project c:/Users/Bart/Documents/GitHub/Embedded_Operating_Systems/Embedded_Operating_Systems/ip_repo/ws2812_ip_1.0/component.xml
update_compile_order -fileset sources_1
close_project
make_wrapper -files [get_files C:/Users/Bart/Documents/GitHub/Embedded_Operating_Systems/Embedded_Operating_Systems/MiniZED_VIO_HC_SR04/MiniZED_AXI_HC_SR04.srcs/sources_1/bd/matrix/matrix.bd] -top
add_files -norecurse C:/Users/Bart/Documents/GitHub/Embedded_Operating_Systems/Embedded_Operating_Systems/MiniZED_VIO_HC_SR04/MiniZED_AXI_HC_SR04.srcs/sources_1/bd/matrix/hdl/matrix_wrapper.vhd
update_compile_order -fileset sources_1
update_compile_order -fileset sources_1
import_files -force -norecurse C:/Users/Bart/Documents/GitHub/Embedded_Operating_Systems/Embedded_Operating_Systems/MiniZED_VIO_HC_SR04/vhdlnoclock.vhd
update_compile_order -fileset sources_1
open_bd_design {C:/Users/Bart/Documents/GitHub/Embedded_Operating_Systems/Embedded_Operating_Systems/MiniZED_VIO_HC_SR04/MiniZED_AXI_HC_SR04.srcs/sources_1/bd/matrix/matrix.bd}
export_ip_user_files -of_objects  [get_files C:/Users/Bart/Documents/GitHub/Embedded_Operating_Systems/Github/Own/Embedded-FPGA/MiniZED/vhdlnoclock.vhd] -no_script -reset -force -quiet
remove_files  C:/Users/Bart/Documents/GitHub/Embedded_Operating_Systems/Github/Own/Embedded-FPGA/MiniZED/vhdlnoclock.vhd
open_bd_design {C:/Users/Bart/Documents/GitHub/Embedded_Operating_Systems/Embedded_Operating_Systems/MiniZED_VIO_HC_SR04/MiniZED_AXI_HC_SR04.srcs/sources_1/bd/matrix/matrix.bd}
open_bd_design {C:/Users/Bart/Documents/GitHub/Embedded_Operating_Systems/Embedded_Operating_Systems/MiniZED_VIO_HC_SR04/MiniZED_AXI_HC_SR04.srcs/sources_1/bd/matrix/matrix.bd}
set_property name bttns [get_bd_ports gpio2_io_i_0]
set_property name btns [get_bd_ports bttns]
undo
regenerate_bd_layout
regenerate_bd_layout -routing
regenerate_bd_layout
regenerate_bd_layout -routing
set_property name btns [get_bd_ports bttns]
save_bd_design
reset_run synth_1
launch_runs impl_1 -to_step write_bitstream -jobs 4
wait_on_run impl_1
