#-----------------------------------------------------------
# Vivado v2019.1 (64-bit)
# SW Build 2552052 on Fri May 24 14:49:42 MDT 2019
# IP Build 2548770 on Fri May 24 18:01:18 MDT 2019
# Start of session at: Tue Dec 17 14:27:59 2019
# Process ID: 20400
# Current directory: C:/Users/Bart/Documents/GitHub/Embedded_Operating_Systems/Embedded_Operating_Systems/MiniZED_VIO_HC_SR04/MiniZED_AXI_HC_SR04.runs/matrix_auto_pc_0_synth_1
# Command line: vivado.exe -log matrix_auto_pc_0.vds -product Vivado -mode batch -messageDb vivado.pb -notrace -source matrix_auto_pc_0.tcl
# Log file: C:/Users/Bart/Documents/GitHub/Embedded_Operating_Systems/Embedded_Operating_Systems/MiniZED_VIO_HC_SR04/MiniZED_AXI_HC_SR04.runs/matrix_auto_pc_0_synth_1/matrix_auto_pc_0.vds
# Journal file: C:/Users/Bart/Documents/GitHub/Embedded_Operating_Systems/Embedded_Operating_Systems/MiniZED_VIO_HC_SR04/MiniZED_AXI_HC_SR04.runs/matrix_auto_pc_0_synth_1\vivado.jou
#-----------------------------------------------------------
source matrix_auto_pc_0.tcl -notrace
